
R version 3.2.3 (2015-12-10) -- "Wooden Christmas-Tree"
Copyright (C) 2015 The R Foundation for Statistical Computing
Platform: x86_64-pc-linux-gnu (64-bit)

R is free software and comes with ABSOLUTELY NO WARRANTY.
You are welcome to redistribute it under certain conditions.
Type 'license()' or 'licence()' for distribution details.

  Natural language support but running in an English locale

R is a collaborative project with many contributors.
Type 'contributors()' for more information and
'citation()' on how to cite R or R packages in publications.

Type 'demo()' for some demos, 'help()' for on-line help, or
'help.start()' for an HTML browser interface to help.
Type 'q()' to quit R.

> #-----------------------------------------------------------
> # Load Required Packages and Functions
> #-----------------------------------------------------------
> source("DataGen-linux.R")
Loading required package: rJava
Loading required package: tabulizer
> 
> # grab the array id value from the environment variable passed from sbatch
> n <- as.numeric(Sys.getenv('SLURM_ARRAY_TASK_ID'))
> # n <- as.numeric(200306) # (test value)
> n <- 200000+n
> 
> yr <- floor(n/100)
> ch <- n-yr*100
> fileList <- list("Edu","GenGov","Health","Justice","NatEcoRe","Trans")
> 
> varname <- paste0(fileList[[ch]],yr-2000,"_",yr-1998)
> temp <- DataGen(ch,yr)
> assign(paste0(fileList[[ch]],yr-2000,"_",yr-1998),temp)
> save(list=varname,file=paste0(varname,".Rda"))
> 
> proc.time()
     user    system   elapsed 
13217.270    19.692 11467.060 
me length as the vector [3]
> assign(paste0(fileList[[ch]],yr-2000,"_",yr-1998),temp)
> save(list=varname,file=paste0(varname,".Rda"))
> 
> proc.time()
    user   system  elapsed 
1359.236  106.866 1226.295 
st be the same length as the vector [1]
> assign(paste0(fileList[[ch]],yr-2000,"_",yr-1998),temp)
> save(list=varname,file=paste0(varname,".Rda"))
> 
> proc.time()
    user   system  elapsed 
6938.025    5.332 6740.622 
1096.243 
e length as the vector [1]
Error in read.table(file = file, header = header, sep = sep, quote = quote,  : 
  no lines available in input
Error in names(Out) <- names(Genout1) : 
  'names' attribute [3] must be the same length as the vector [1]
Error in read.table(file = file, header = header, sep = sep, quote = quote,  : 
  no lines available in input
Error in names(Out) <- names(Genout1) : 
  'names' attribute [3] must be the same length as the vector [1]
Error in read.table(file = file, header = header, sep = sep, quote = quote,  : 
  no lines available in input
Error in names(Out) <- names(Genout1) : 
  'names' attribute [3] must be the same length as the vector [1]
Error in read.table(file = file, header = header, sep = sep, quote = quote,  : 
  no lines available in input
Error in names(Out) <- names(Genout1) : 
  'names' attribute [3] must be the same length as the vector [1]
Error in read.table(file = file, header = header, sep = sep, quote = quote,  : 
  no lines available in input
Error in names(Out) <- names(Genout1) : 
  'names' attribute [3] must be the same length as the vector [1]
Error in read.table(file = file, header = header, sep = sep, quote = quote,  : 
  no lines available in input
Error in names(Out) <- names(Genout1) : 
  'names' attribute [4] must be the same length as the vector [1]
Error in read.table(file = file, header = header, sep = sep, quote = quote,  : 
  no lines available in input
Error in names(Out) <- names(Genout1) : 
  'names' attribute [4] must be the same length as the vector [1]
Error in read.table(file = file, header = header, sep = sep, quote = quote,  : 
  no lines available in input
Error in names(Out) <- names(Genout1) : 
  'names' attribute [4] must be the same length as the vector [1]
Error in read.table(file = file, header = header, sep = sep, quote = quote,  : 
  no lines available in input
Error in names(Out) <- names(Genout1) : 
  'names' attribute [4] must be the same length as the vector [1]
Error in read.table(file = file, header = header, sep = sep, quote = quote,  : 
  no lines available in input
Error in names(Out) <- names(Genout1) : 
  'names' attribute [4] must be the same length as the vector [1]
Error in read.table(file = file, header = header, sep = sep, quote = quote,  : 
  no lines available in input
Error in names(Out) <- names(Genout1) : 
  'names' attribute [4] must be the same length as the vector [1]
Error in read.table(file = file, header = header, sep = sep, quote = quote,  : 
  no lines available in input
Error in names(Out) <- names(Genout1) : 
  'names' attribute [4] must be the same length as the vector [1]
Error in read.table(file = file, header = header, sep = sep, quote = quote,  : 
  no lines available in input
Error in names(Out) <- names(Genout1) : 
  'names' attribute [4] must be the same length as the vector [1]
> assign(paste0(fileList[[ch]],yr-2000,"_",yr-1998),temp)
> save(list=varname,file=paste0(varname,".Rda"))
> 
> proc.time()
    user   system  elapsed 
6185.418  164.207 6280.167 
